// Jest Snapshot v1, https://goo.gl/fbAQLP

exports[`<App /> Should render ok 1`] = `
<BrowserRouter>
  <main
    id="main-wrapper"
  >
    <HelloWorldContainer />
  </main>
</BrowserRouter>
`;
